Microchip MPLAB XC8 Compiler V1.35 ()

Linker command line:

-W-3 --edf=C:\Program Files (x86)\Microchip\xc8\v1.35\dat\en_msgs.txt -cs \
  -h+dist/default/production\PetFoodProject.X.production.sym \
  --cmf=dist/default/production\PetFoodProject.X.production.cmf -z \
  -Q18F4550 -oC:\Users\Toshiba\AppData\Local\Temp\she4.2 \
  -Mdist/default/production/PetFoodProject.X.production.map -E1 -ver=XC8 \
  -ASTACK=0F3h-07ffh -pstack=STACK -ACODE=01000h-07FFFh \
  -ACONST=01000h-07FFFh -ASMALLCONST=01000h-010FFhx112 \
  -AMEDIUMCONST=01000h-07FFFh -ACOMRAM=01h-05Fh -AABS1=00h-07FFh \
  -ABIGRAM=01h-07FFh -ARAM=060h-0FFh,0100h-01FFhx7 -ABANK0=060h-0FFh \
  -ABANK1=0100h-01FFh -ABANK2=0200h-02FFh -ABANK3=0300h-03FFh \
  -ABANK4=0400h-04FFh -ABANK5=0500h-05FFh -ABANK6=0600h-06FFh \
  -ABANK7=0700h-07FFh -ASFR=0F60h-0FFFh \
  -preset_vec=01000h,intcode=01008h,intcodelo,powerup,init,end_init \
  -pramtop=0800h -psmallconst=SMALLCONST -pmediumconst=MEDIUMCONST \
  -pconst=CONST -AFARRAM=00h-00h -ACONFIG=0300000h-030000Dh -pconfig=CONFIG \
  -AIDLOC=0200000h-0200007h -pidloc=IDLOC -AEEDATA=0F00000h-0F000FFh \
  -peeprom_data=EEDATA \
  -prdata=COMRAM,nvrram=COMRAM,nvbit=COMRAM,rbss=COMRAM,rbit=COMRAM \
  -pfarbss=FARRAM,fardata=FARRAM,nvFARRAM=FARRAM \
  -pintsave_regs=BIGRAM,bigbss=BIGRAM,bigdata=BIGRAM -pbss=RAM \
  -pidata=CODE,irdata=CODE,ibigdata=CODE,ifardata=CODE -prparam=COMRAM \
  C:\Users\Toshiba\AppData\Local\Temp\she4.obj \
  dist/default/production\PetFoodProject.X.production.obj 

Object code version is 3.11

Machine type is 18F4550

Call graph: (short form)




                Name                               Link     Load   Length Selector   Space Scale
C:\Users\Toshiba\AppData\Local\Temp\she4.obj
                end_init                           1016     1016        4      804       0
                reset_vec                          1000     1000        4      800       0
                idloc                            200000   200000        8   200000       0
                config                           300000   300000        E   300000       0
dist/default/production\PetFoodProject.X.production.obj
                intcode                            1008     1008        E      804       0
                temp                                 3F       3F        1        1       1
                smallconst                         101A     101A       14      80D       0
                text20                             15C0     15C0       84      817       0
                text19                             1644     1644       76      817       0
                text18                             1AC4     1AC4       22      CCA       0
                text17                             180E     180E       70      817       0
                text16                             152C     152C       94      817       0
                intcode_body                       102E     102E      184      817       0
                text14                             172C     172C       72      817       0
                text13                             1A6E     1A6E       34      CCA       0
                text12                             1A30     1A30       3E      CCA       0
                text11                             1AA2     1AA2       22      CCA       0
                text10                             179E     179E       70      817       0
                text9                              1498     1498       94      817       0
                text8                              12EC     12EC       F4      817       0
                text7                              11B2     11B2      13A      817       0
                text6                              1AE6     1AE6       1C      CCA       0
                text5                              1B02     1B02       14      CCA       0
                text4                              19E2     19E2       4E      CCA       0
                text3                              1994     1994       4E      CCA       0
                text2                              16BA     16BA       72      817       0
                text1                              13E0     13E0       B8      817       0
                text0                              187E     187E       68      817       0
                cstackCOMRAM                          1        1       26        1       1
                cstackBANK0                          B5       B5       3E       60       1
                dataBANK0                            60       60       55       60       1
                dataCOMRAM                           27       27       13        1       1
                bssCOMRAM                            3A       3A        5        1       1
                cinit                              18E6     18E6       58      817       0
                idataBANK0                         193E     193E       55      817       0
                idataCOMRAM                        1B16     1B16       13      CCA       0

TOTAL           Name                               Link     Load   Length     Space
        CLASS   STACK          

        CLASS   CODE           
                end_init                           1016     1016        4         0
                intcode                            1008     1008        E         0
                reset_vec                          1000     1000        4         0
                text20                             15C0     15C0       84         0
                text19                             1644     1644       76         0
                text18                             1AC4     1AC4       22         0
                text17                             180E     180E       70         0
                text16                             152C     152C       94         0
                intcode_body                       102E     102E      184         0
                text14                             172C     172C       72         0
                text13                             1A6E     1A6E       34         0
                text12                             1A30     1A30       3E         0
                text11                             1AA2     1AA2       22         0
                text10                             179E     179E       70         0
                text9                              1498     1498       94         0
                text8                              12EC     12EC       F4         0
                text7                              11B2     11B2      13A         0
                text6                              1AE6     1AE6       1C         0
                text5                              1B02     1B02       14         0
                text4                              19E2     19E2       4E         0
                text3                              1994     1994       4E         0
                text2                              16BA     16BA       72         0
                text1                              13E0     13E0       B8         0
                text0                              187E     187E       68         0
                cinit                              18E6     18E6       58         0
                idataBANK0                         193E     193E       55         0
                idataCOMRAM                        1B16     1B16       13         0

        CLASS   CONST          

        CLASS   SMALLCONST     
                smallconst                         101A     101A       14         0

        CLASS   MEDIUMCONST    

        CLASS   COMRAM         
                temp                                 3F       3F        1         1
                cstackCOMRAM                          1        1       26         1
                dataCOMRAM                           27       27       13         1
                bssCOMRAM                            3A       3A        5         1

        CLASS   ABS1           

        CLASS   BIGRAM         

        CLASS   RAM            

        CLASS   BANK0          
                cstackBANK0                          B5       B5       3E         1
                dataBANK0                            60       60       55         1

        CLASS   BANK1          

        CLASS   BANK2          

        CLASS   BANK3          

        CLASS   BANK4          

        CLASS   BANK5          

        CLASS   BANK6          

        CLASS   BANK7          

        CLASS   SFR            

        CLASS   FARRAM         

        CLASS   CONFIG         
                config                           300000   300000        E         0

        CLASS   IDLOC          
                idloc                            200000   200000        8         0

        CLASS   EEDATA         



SEGMENTS        Name                           Load    Length   Top    Selector   Space  Class

                cstackCOMRAM                   000001  00003F  000040         1       1  COMRAM  
                dataBANK0                      000060  000093  0000F3        60       1  BANK0   
                reset_vec                      001000  000004  001004       800       0  CODE    
                intcode                        001008  000012  00101A       804       0  CODE    
                smallconst                     00101A  000014  00102E       80D       0  SMALLCON
                intcode_body                   00102E  000965  001993       817       0  CODE    
                text3                          001994  000195  001B29       CCA       0  CODE    
                idloc                          200000  000008  200008    200000       0  IDLOC   
                config                         300000  00000E  30000E    300000       0  CONFIG  


UNUSED ADDRESS RANGES

        Name                Unused          Largest block    Delta
        BANK0            0000F3-0000FF                D
        BANK1            000100-0001FF              100
        BANK2            000200-0002FF              100
        BANK3            000300-0003FF              100
        BANK4            000400-0004FF              100
        BANK5            000500-0005FF              100
        BANK6            000600-0006FF              100
        BANK7            000700-0007FF              100
        BIGRAM           000040-00005F               20
                         0000F3-0007FF              70D
        CODE             001004-001007                4
                         001993-001993                1
                         001B29-007FFF             64D7
        COMRAM           000040-00005F               20
        CONST            001004-001007                4
                         001993-001993                1
                         001B29-007FFF             64D7
        EEDATA           F00000-F000FF              100
        FARRAM           000000-000000                1
        MEDIUMCONST      001004-001007                4
                         001993-001993                1
                         001B29-007FFF             64D7
        RAM              0000F3-0007FF              100
        SFR              000F60-000FFF               A0
        SMALLCONST       001004-001007                4
                         001993-001993                1
                         001B29-007FFF              100
        STACK            0000F3-0007FF              70D

                                  Symbol Table

?___awdiv                              cstackCOMRAM 000001
ISR_Timer0_Int@hour1                   cstackCOMRAM 000017
ISR_Timer0_Int@hour10                  cstackCOMRAM 00001A
ISR_Timer0_Int@minute1                 cstackCOMRAM 000018
ISR_Timer0_Int@minute10                cstackCOMRAM 00001B
ISR_Timer0_Int@second1                 cstackCOMRAM 000019
ISR_Timer0_Int@second10                cstackCOMRAM 00001C
SetupAlarmTime@F4492                   dataBANK0    000082
SetupAlarmTime@Message                 cstackBANK0  0000C8
SetupAlarmTime@ctemp                   cstackBANK0  0000ED
SetupAlarmTime@hour1                   cstackBANK0  0000E9
SetupAlarmTime@hour10                  cstackBANK0  0000E8
SetupAlarmTime@minute1                 cstackBANK0  0000EB
SetupAlarmTime@minute10                cstackBANK0  0000EA
SetupAlarmTime@msgindex                cstackBANK0  0000EC
SetupAlarmTime@outchar                 cstackBANK0  0000E7
SetupTime@F4482                        dataBANK0    000060
SetupTime@Message                      cstackBANK0  0000C8
SetupTime@ctemp                        cstackBANK0  0000F2
SetupTime@hour1                        cstackBANK0  0000EC
SetupTime@hour10                       cstackBANK0  0000EB
SetupTime@minute1                      cstackBANK0  0000EE
SetupTime@minute10                     cstackBANK0  0000ED
SetupTime@msgindex                     cstackBANK0  0000F1
SetupTime@outchar                      cstackBANK0  0000EA
SetupTime@second1                      cstackBANK0  0000F0
SetupTime@second10                     cstackBANK0  0000EF
_ADCON1                                (abs)        000FC1
_CMCON                                 (abs)        000FB4
_INTCON2                               (abs)        000FF1
_INTCONbits                            (abs)        000FF2
_ISR_Timer0_Int                        intcode      001008
_PORTAbits                             (abs)        000F80
_PORTB                                 (abs)        000F81
_PORTBbits                             (abs)        000F81
_PORTD                                 (abs)        000F83
_PORTDbits                             (abs)        000F83
_RCONbits                              (abs)        000FD0
_SetupAlarmTime                        text8        0012EC
_SetupTime                             text7        0011B2
_SetupTimerInterruptRegisters          text6        001AE6
_T0CON                                 (abs)        000FD5
_T0CONbits                             (abs)        000FD5
_TMR0H                                 (abs)        000FD7
_TMR0L                                 (abs)        000FD6
_TRISAbits                             (abs)        000F92
_TRISD                                 (abs)        000F95
__HRAM                                 (abs)        000000
__Habs1                                abs1         000000
__Hbank0                               bank0        000000
__Hbank1                               bank1        000000
__Hbank2                               bank2        000000
__Hbank3                               bank3        000000
__Hbank4                               bank4        000000
__Hbank5                               bank5        000000
__Hbank6                               bank6        000000
__Hbank7                               bank7        000000
__Hbigbss                              bigbss       000000
__Hbigdata                             bigdata      000000
__Hbigram                              bigram       000000
__Hbss                                 bss          000000
__HbssCOMRAM                           bssCOMRAM    000000
__Hcinit                               cinit        000000
__Hclrtext                             clrtext      000000
__Hcomram                              comram       000000
__Hconfig                              config       30000E
__Hconst                               const        000000
__HcstackBANK0                         cstackBANK0  000000
__HcstackCOMRAM                        cstackCOMRAM 000000
__Hdata                                data         000000
__HdataBANK0                           dataBANK0    000000
__HdataCOMRAM                          dataCOMRAM   000000
__Heeprom_data                         eeprom_data  000000
__Hend_init                            end_init     00101A
__Hfarbss                              farbss       000000
__Hfardata                             fardata      000000
__Hibigdata                            ibigdata     000000
__Hidata                               idata        000000
__HidataBANK0                          idataBANK0   000000
__HidataCOMRAM                         idataCOMRAM  000000
__Hidloc                               idloc        200008
__Hifardata                            ifardata     000000
__Hinit                                init         001016
__Hintcode                             intcode      001016
__Hintcode_body                        intcode_body 000000
__Hintcodelo                           intcodelo    001016
__Hintentry                            intentry     000000
__Hintret                              intret       000000
__Hintsave_regs                        intsave_regs 000000
__Hirdata                              irdata       000000
__Hmediumconst                         mediumconst  000000
__HnvFARRAM                            nvFARRAM     000000
__Hnvbit                               nvbit        000000
__Hnvrram                              nvrram       000000
__Hparam                               rparam       000000
__Hpowerup                             powerup      001016
__Hram                                 ram          000000
__Hramtop                              ramtop       000800
__Hrbit                                rbit         000000
__Hrbss                                rbss         000000
__Hrdata                               rdata        000000
__Hreset_vec                           reset_vec    001004
__Hrparam                              rparam       000000
__Hsfr                                 sfr          000000
__Hsmallconst                          smallconst   00102E
__Hspace_0                             (abs)        30000E
__Hspace_1                             (abs)        0000F3
__Hspace_2                             (abs)        000000
__Hstack                               stack        000000
__Hstruct                              struct       000000
__Htemp                                temp         000040
__Htext                                text         000000
__Htext0                               text0        000000
__Htext1                               text1        000000
__Htext10                              text10       000000
__Htext11                              text11       000000
__Htext12                              text12       000000
__Htext13                              text13       000000
__Htext14                              text14       000000
__Htext16                              text16       000000
__Htext17                              text17       000000
__Htext18                              text18       000000
__Htext19                              text19       000000
__Htext2                               text2        000000
__Htext20                              text20       000000
__Htext3                               text3        000000
__Htext4                               text4        000000
__Htext5                               text5        000000
__Htext6                               text6        000000
__Htext7                               text7        000000
__Htext8                               text8        000000
__Htext9                               text9        000000
__LRAM                                 (abs)        000001
__Labs1                                abs1         000000
__Lbank0                               bank0        000000
__Lbank1                               bank1        000000
__Lbank2                               bank2        000000
__Lbank3                               bank3        000000
__Lbank4                               bank4        000000
__Lbank5                               bank5        000000
__Lbank6                               bank6        000000
__Lbank7                               bank7        000000
__Lbigbss                              bigbss       000000
__Lbigdata                             bigdata      000000
__Lbigram                              bigram       000000
__Lbss                                 bss          000000
__LbssCOMRAM                           bssCOMRAM    000000
__Lcinit                               cinit        000000
__Lclrtext                             clrtext      000000
__Lcomram                              comram       000000
__Lconfig                              config       300000
__Lconst                               const        000000
__LcstackBANK0                         cstackBANK0  000000
__LcstackCOMRAM                        cstackCOMRAM 000000
__Ldata                                data         000000
__LdataBANK0                           dataBANK0    000000
__LdataCOMRAM                          dataCOMRAM   000000
__Leeprom_data                         eeprom_data  000000
__Lend_init                            end_init     001016
__Lfarbss                              farbss       000000
__Lfardata                             fardata      000000
__Libigdata                            ibigdata     000000
__Lidata                               idata        000000
__LidataBANK0                          idataBANK0   000000
__LidataCOMRAM                         idataCOMRAM  000000
__Lidloc                               idloc        200000
__Lifardata                            ifardata     000000
__Linit                                init         001016
__Lintcode                             intcode      001008
__Lintcode_body                        intcode_body 000000
__Lintcodelo                           intcodelo    001016
__Lintentry                            intentry     000000
__Lintret                              intret       000000
__Lintsave_regs                        intsave_regs 000000
__Lirdata                              irdata       000000
__Lmediumconst                         mediumconst  000000
__LnvFARRAM                            nvFARRAM     000000
__Lnvbit                               nvbit        000000
__Lnvrram                              nvrram       000000
__Lparam                               rparam       000000
__Lpowerup                             powerup      001016
__Lram                                 ram          000000
__Lramtop                              ramtop       000800
__Lrbit                                rbit         000000
__Lrbss                                rbss         000000
__Lrdata                               rdata        000000
__Lreset_vec                           reset_vec    001000
__Lrparam                              rparam       000000
__Lsfr                                 sfr          000000
__Lsmallconst                          smallconst   00101A
__Lspace_0                             (abs)        000000
__Lspace_1                             (abs)        000000
__Lspace_2                             (abs)        000000
__Lstack                               stack        000000
__Lstruct                              struct       000000
__Ltemp                                temp         00003F
__Ltext                                text         000000
__Ltext0                               text0        000000
__Ltext1                               text1        000000
__Ltext10                              text10       000000
__Ltext11                              text11       000000
__Ltext12                              text12       000000
__Ltext13                              text13       000000
__Ltext14                              text14       000000
__Ltext16                              text16       000000
__Ltext17                              text17       000000
__Ltext18                              text18       000000
__Ltext19                              text19       000000
__Ltext2                               text2        000000
__Ltext20                              text20       000000
__Ltext3                               text3        000000
__Ltext4                               text4        000000
__Ltext5                               text5        000000
__Ltext6                               text6        000000
__Ltext7                               text7        000000
__Ltext8                               text8        000000
__Ltext9                               text9        000000
__S0                                   (abs)        30000E
__S1                                   (abs)        0000F3
__S2                                   (abs)        000000
___awdiv                               text20       0015C0
___awdiv@counter                       cstackCOMRAM 000005
___awdiv@dividend                      cstackCOMRAM 000001
___awdiv@divisor                       cstackCOMRAM 000003
___awdiv@quotient                      cstackCOMRAM 000007
___awdiv@sign                          cstackCOMRAM 000006
___inthi_sp                            stack        000000
___intlo_sp                            stack        000000
___param_bank                          (abs)        000010
___rparam_used                         (abs)        000001
___sp                                  stack        000000
__accesstop                            (abs)        000060
__activetblptr                         (abs)        000002
__end_of_ISR_Timer0_Int                intcode_body 0011B2
__end_of_SetupAlarmTime                text8        0013E0
__end_of_SetupTime                     text7        0012EC
__end_of_SetupTimerInterruptRegisters  text6        001B02
__end_of___awdiv                       text20       001644
__end_of__initialization               cinit        001930
__end_of_activateBuzzer                text5        001B16
__end_of_char_2_int                    text14       00179E
__end_of_delay_ms                      text13       001AA2
__end_of_displayAlarmOff               text4        001A30
__end_of_displayAlarmOn                text3        0019E2
__end_of_getkey                        text12       001A6E
__end_of_int_2_char                    text19       0016BA
__end_of_lcd_init                      text2        00172C
__end_of_lcd_strobe                    text11       001AC4
__end_of_lcd_write_cmd                 text10       00180E
__end_of_lcd_write_data                text9        00152C
__end_of_main                          text0        0018E6
__end_of_turnServoMotor                text1        001498
__end_ofgetkey@F4444                   smallconst   00102D
__end_ofi2_lcd_strobe                  text18       001AE6
__end_ofi2_lcd_write_cmd               text17       00187E
__end_ofi2_lcd_write_data              text16       0015C0
__initialization                       cinit        0018E6
__mediumconst                          mediumconst  000000
__pbssCOMRAM                           bssCOMRAM    00003A
__pcinit                               cinit        0018E6
__pcstackBANK0                         cstackBANK0  0000B5
__pcstackCOMRAM                        cstackCOMRAM 000001
__pdataBANK0                           dataBANK0    000060
__pdataCOMRAM                          dataCOMRAM   000027
__pidataBANK0                          idataBANK0   00193E
__pidataCOMRAM                         idataCOMRAM  001B16
__pintcode                             intcode      001008
__pintcode_body                        intcode_body 00102E
__psmallconst                          smallconst   00101A
__ptext0                               text0        00187E
__ptext1                               text1        0013E0
__ptext10                              text10       00179E
__ptext11                              text11       001AA2
__ptext12                              text12       001A30
__ptext13                              text13       001A6E
__ptext14                              text14       00172C
__ptext16                              text16       00152C
__ptext17                              text17       00180E
__ptext18                              text18       001AC4
__ptext19                              text19       001644
__ptext2                               text2        0016BA
__ptext20                              text20       0015C0
__ptext3                               text3        001994
__ptext4                               text4        0019E2
__ptext5                               text5        001B02
__ptext6                               text6        001AE6
__ptext7                               text7        0011B2
__ptext8                               text8        0012EC
__ptext9                               text9        001498
__ramtop                               ramtop       000800
__size_of_ISR_Timer0_Int               (abs)        000000
__size_of_SetupAlarmTime               (abs)        000000
__size_of_SetupTime                    (abs)        000000
__size_of_SetupTimerInterruptRegisters (abs)        000000
__size_of___awdiv                      (abs)        000000
__size_of_activateBuzzer               (abs)        000000
__size_of_char_2_int                   (abs)        000000
__size_of_delay_ms                     (abs)        000000
__size_of_displayAlarmOff              (abs)        000000
__size_of_displayAlarmOn               (abs)        000000
__size_of_getkey                       (abs)        000000
__size_of_int_2_char                   (abs)        000000
__size_of_lcd_init                     (abs)        000000
__size_of_lcd_strobe                   (abs)        000000
__size_of_lcd_write_cmd                (abs)        000000
__size_of_lcd_write_data               (abs)        000000
__size_of_main                         (abs)        000000
__size_of_turnServoMotor               (abs)        000000
__size_ofi2_lcd_strobe                 (abs)        000000
__size_ofi2_lcd_write_cmd              (abs)        000000
__size_ofi2_lcd_write_data             (abs)        000000
__smallconst                           smallconst   00101A
_activateBuzzer                        text5        001B02
_char_2_int                            text14       00172C
_delay_ms                              text13       001A6E
_displayAlarmOff                       text4        0019E2
_displayAlarmOn                        text3        001994
_getkey                                text12       001A30
_hour                                  bssCOMRAM    00003A
_hourA                                 bssCOMRAM    00003B
_int_2_char                            text19       001644
_lcd_init                              text2        0016BA
_lcd_strobe                            text11       001AA2
_lcd_write_cmd                         text10       00179E
_lcd_write_data                        text9        001498
_main                                  text0        00187E
_minute                                bssCOMRAM    00003C
_minuteA                               bssCOMRAM    00003D
_second                                bssCOMRAM    00003E
_turnServoMotor                        text1        0013E0
btemp                                  temp         00003F
char_2_int@char1                       cstackCOMRAM 00001D
char_2_int@int1                        cstackCOMRAM 00001E
delay_ms@i                             cstackCOMRAM 00001D
delay_ms@j                             cstackCOMRAM 000020
displayAlarmOff@F4503                  dataCOMRAM   000027
displayAlarmOff@Message                cstackBANK0  0000B5
displayAlarmOff@msgindex               cstackBANK0  0000C9
displayAlarmOff@outchar                cstackBANK0  0000C8
displayAlarmOn@F4498                   dataBANK0    0000A1
displayAlarmOn@Message                 cstackBANK0  0000B5
displayAlarmOn@msgindex                cstackBANK0  0000CA
displayAlarmOn@outchar                 cstackBANK0  0000C9
end_of_initialization                  cinit        001930
getkey@F4444                           smallconst   00101B
getkey@keycode                         cstackBANK0  0000C7
getkey@lookup                          cstackBANK0  0000B5
i2_lcd_strobe                          text18       001AC4
i2_lcd_write_cmd                       text17       00180E
i2_lcd_write_data                      text16       00152C
i2lcd_write_cmd@cmd                    cstackCOMRAM 000003
i2lcd_write_cmd@temp2                  cstackCOMRAM 000004
i2lcd_write_data@data                  cstackCOMRAM 000003
i2lcd_write_data@temp1                 cstackCOMRAM 000004
int$flags                              temp         00003F
int_2_char@char1                       cstackCOMRAM 000002
int_2_char@int1                        cstackCOMRAM 000001
int_func                               intcode_body 00102E
intlevel0                              text         000000
intlevel1                              text         000000
intlevel2                              text         000000
intlevel3                              text         000000
lcd_init@i                             cstackCOMRAM 000022
lcd_write_cmd@cmd                      cstackCOMRAM 00001F
lcd_write_cmd@temp2                    cstackCOMRAM 000020
lcd_write_data@data                    cstackCOMRAM 00001F
lcd_write_data@temp1                   cstackCOMRAM 000020
main@Buzzer                            cstackCOMRAM 000025
main@displayUpdated                    cstackCOMRAM 000026
main@servoMotor                        cstackCOMRAM 000024
stackhi                                (abs)        0007FF
stacklo                                (abs)        0000F3
start                                  init         001016
start_initialization                   cinit        0018E6
turnServoMotor@count                   cstackCOMRAM 000022


FUNCTION INFORMATION:

 *************** function _main *****************
 Defined at:
		line 302 in file "RealTimeClockAns.c"
 Parameters:    Size  Location     Type
		None
 Auto vars:     Size  Location     Type
  displayUpdat    1   37[COMRAM] unsigned char 
  Buzzer          1   36[COMRAM] unsigned char 
  servoMotor      1   35[COMRAM] unsigned char 
 Return value:  Size  Location     Type
		None               void
 Registers used:
		wreg, fsr1l, fsr1h, fsr2l, fsr2h, status,2, status,0, tblptrl, tblptrh, tblptru, prodl, prodh, cstack
 Tracked objects:
		On entry : 
		On exit  : 
		Unchanged: 
 Data sizes:     COMRAM   BANK0   BANK1   BANK2   BANK3   BANK4   BANK5   BANK6   BANK7
      Params:         0       0       0       0       0       0       0       0       0
      Locals:         3       0       0       0       0       0       0       0       0
      Temps:          0       0       0       0       0       0       0       0       0
      Totals:         3       0       0       0       0       0       0       0       0
Total ram usage:        3 bytes
 Hardware stack levels required when called:    6
 This function calls:
		_SetupAlarmTime
		_SetupTime
		_SetupTimerInterruptRegisters
		_activateBuzzer
		_displayAlarmOff
		_displayAlarmOn
		_lcd_init
		_turnServoMotor
 This function is called by:
		Startup code after reset
 This function uses a non-reentrant model


 *************** function _turnServoMotor *****************
 Defined at:
		line 258 in file "RealTimeClockAns.c"
 Parameters:    Size  Location     Type
		None
 Auto vars:     Size  Location     Type
  count           1   33[COMRAM] unsigned char 
 Return value:  Size  Location     Type
		None               void
 Registers used:
		wreg, status,2, status,0, cstack
 Tracked objects:
		On entry : 
		On exit  : 
		Unchanged: 
 Data sizes:     COMRAM   BANK0   BANK1   BANK2   BANK3   BANK4   BANK5   BANK6   BANK7
      Params:         0       0       0       0       0       0       0       0       0
      Locals:         1       0       0       0       0       0       0       0       0
      Temps:          0       0       0       0       0       0       0       0       0
      Totals:         1       0       0       0       0       0       0       0       0
Total ram usage:        1 bytes
 Hardware stack levels used:    1
 Hardware stack levels required when called:    4
 This function calls:
		_delay_ms
 This function is called by:
		_main
 This function uses a non-reentrant model


 *************** function _lcd_init *****************
 Defined at:
		line 83 in file "lcd_utilities.c"
 Parameters:    Size  Location     Type
		None
 Auto vars:     Size  Location     Type
  i               2   33[COMRAM] int 
 Return value:  Size  Location     Type
		None               void
 Registers used:
		wreg, status,2, status,0, cstack
 Tracked objects:
		On entry : 
		On exit  : 
		Unchanged: 
 Data sizes:     COMRAM   BANK0   BANK1   BANK2   BANK3   BANK4   BANK5   BANK6   BANK7
      Params:         0       0       0       0       0       0       0       0       0
      Locals:         2       0       0       0       0       0       0       0       0
      Temps:          1       0       0       0       0       0       0       0       0
      Totals:         3       0       0       0       0       0       0       0       0
Total ram usage:        3 bytes
 Hardware stack levels used:    1
 Hardware stack levels required when called:    5
 This function calls:
		_lcd_write_cmd
 This function is called by:
		_main
 This function uses a non-reentrant model


 *************** function _displayAlarmOn *****************
 Defined at:
		line 228 in file "RealTimeClockAns.c"
 Parameters:    Size  Location     Type
		None
 Auto vars:     Size  Location     Type
  Message        20    0[BANK0 ] unsigned char [20]
  msgindex        1   21[BANK0 ] unsigned char 
  outchar         1   20[BANK0 ] unsigned char 
 Return value:  Size  Location     Type
		None               void
 Registers used:
		wreg, fsr1l, fsr1h, fsr2l, fsr2h, status,2, status,0, prodl, prodh, cstack
 Tracked objects:
		On entry : 
		On exit  : 
		Unchanged: 
 Data sizes:     COMRAM   BANK0   BANK1   BANK2   BANK3   BANK4   BANK5   BANK6   BANK7
      Params:         0       0       0       0       0       0       0       0       0
      Locals:         0      22       0       0       0       0       0       0       0
      Temps:          0       0       0       0       0       0       0       0       0
      Totals:         0      22       0       0       0       0       0       0       0
Total ram usage:       22 bytes
 Hardware stack levels used:    1
 Hardware stack levels required when called:    5
 This function calls:
		_lcd_write_cmd
		_lcd_write_data
 This function is called by:
		_main
 This function uses a non-reentrant model


 *************** function _displayAlarmOff *****************
 Defined at:
		line 245 in file "RealTimeClockAns.c"
 Parameters:    Size  Location     Type
		None
 Auto vars:     Size  Location     Type
  Message        19    0[BANK0 ] unsigned char [19]
  msgindex        1   20[BANK0 ] unsigned char 
  outchar         1   19[BANK0 ] unsigned char 
 Return value:  Size  Location     Type
		None               void
 Registers used:
		wreg, fsr1l, fsr1h, fsr2l, fsr2h, status,2, status,0, prodl, prodh, cstack
 Tracked objects:
		On entry : 
		On exit  : 
		Unchanged: 
 Data sizes:     COMRAM   BANK0   BANK1   BANK2   BANK3   BANK4   BANK5   BANK6   BANK7
      Params:         0       0       0       0       0       0       0       0       0
      Locals:         0      21       0       0       0       0       0       0       0
      Temps:          0       0       0       0       0       0       0       0       0
      Totals:         0      21       0       0       0       0       0       0       0
Total ram usage:       21 bytes
 Hardware stack levels used:    1
 Hardware stack levels required when called:    5
 This function calls:
		_lcd_write_cmd
		_lcd_write_data
 This function is called by:
		_main
 This function uses a non-reentrant model


 *************** function _activateBuzzer *****************
 Defined at:
		line 293 in file "RealTimeClockAns.c"
 Parameters:    Size  Location     Type
		None
 Auto vars:     Size  Location     Type
		None
 Return value:  Size  Location     Type
		None               void
 Registers used:
		wreg, status,2, status,0, cstack
 Tracked objects:
		On entry : 
		On exit  : 
		Unchanged: 
 Data sizes:     COMRAM   BANK0   BANK1   BANK2   BANK3   BANK4   BANK5   BANK6   BANK7
      Params:         0       0       0       0       0       0       0       0       0
      Locals:         0       0       0       0       0       0       0       0       0
      Temps:          0       0       0       0       0       0       0       0       0
      Totals:         0       0       0       0       0       0       0       0       0
Total ram usage:        0 bytes
 Hardware stack levels used:    1
 Hardware stack levels required when called:    4
 This function calls:
		_delay_ms
 This function is called by:
		_main
 This function uses a non-reentrant model


 *************** function _SetupTimerInterruptRegisters *****************
 Defined at:
		line 190 in file "RealTimeClockAns.c"
 Parameters:    Size  Location     Type
		None
 Auto vars:     Size  Location     Type
		None
 Return value:  Size  Location     Type
		None               void
 Registers used:
		wreg, status,2
 Tracked objects:
		On entry : 
		On exit  : 
		Unchanged: 
 Data sizes:     COMRAM   BANK0   BANK1   BANK2   BANK3   BANK4   BANK5   BANK6   BANK7
      Params:         0       0       0       0       0       0       0       0       0
      Locals:         0       0       0       0       0       0       0       0       0
      Temps:          0       0       0       0       0       0       0       0       0
      Totals:         0       0       0       0       0       0       0       0       0
Total ram usage:        0 bytes
 Hardware stack levels used:    1
 Hardware stack levels required when called:    3
 This function calls:
		Nothing
 This function is called by:
		_main
 This function uses a non-reentrant model


 *************** function _SetupTime *****************
 Defined at:
		line 103 in file "RealTimeClockAns.c"
 Parameters:    Size  Location     Type
		None
 Auto vars:     Size  Location     Type
  Message        34   19[BANK0 ] unsigned char [34]
  ctemp           1   61[BANK0 ] unsigned char 
  msgindex        1   60[BANK0 ] unsigned char 
  second1         1   59[BANK0 ] unsigned char 
  second10        1   58[BANK0 ] unsigned char 
  minute1         1   57[BANK0 ] unsigned char 
  minute10        1   56[BANK0 ] unsigned char 
  hour1           1   55[BANK0 ] unsigned char 
  hour10          1   54[BANK0 ] unsigned char 
  outchar         1   53[BANK0 ] unsigned char 
 Return value:  Size  Location     Type
		None               void
 Registers used:
		wreg, fsr1l, fsr1h, fsr2l, fsr2h, status,2, status,0, tblptrl, tblptrh, tblptru, prodl, prodh, cstack
 Tracked objects:
		On entry : 
		On exit  : 
		Unchanged: 
 Data sizes:     COMRAM   BANK0   BANK1   BANK2   BANK3   BANK4   BANK5   BANK6   BANK7
      Params:         0       0       0       0       0       0       0       0       0
      Locals:         0      43       0       0       0       0       0       0       0
      Temps:          0       0       0       0       0       0       0       0       0
      Totals:         0      43       0       0       0       0       0       0       0
Total ram usage:       43 bytes
 Hardware stack levels used:    1
 Hardware stack levels required when called:    5
 This function calls:
		_char_2_int
		_delay_ms
		_getkey
		_lcd_write_cmd
		_lcd_write_data
 This function is called by:
		_main
 This function uses a non-reentrant model


 *************** function _SetupAlarmTime *****************
 Defined at:
		line 151 in file "RealTimeClockAns.c"
 Parameters:    Size  Location     Type
		None
 Auto vars:     Size  Location     Type
  Message        31   19[BANK0 ] unsigned char [31]
  ctemp           1   56[BANK0 ] unsigned char 
  msgindex        1   55[BANK0 ] unsigned char 
  minute1         1   54[BANK0 ] unsigned char 
  minute10        1   53[BANK0 ] unsigned char 
  hour1           1   52[BANK0 ] unsigned char 
  hour10          1   51[BANK0 ] unsigned char 
  outchar         1   50[BANK0 ] unsigned char 
 Return value:  Size  Location     Type
		None               void
 Registers used:
		wreg, fsr1l, fsr1h, fsr2l, fsr2h, status,2, status,0, tblptrl, tblptrh, tblptru, prodl, prodh, cstack
 Tracked objects:
		On entry : 
		On exit  : 
		Unchanged: 
 Data sizes:     COMRAM   BANK0   BANK1   BANK2   BANK3   BANK4   BANK5   BANK6   BANK7
      Params:         0       0       0       0       0       0       0       0       0
      Locals:         0      38       0       0       0       0       0       0       0
      Temps:          0       0       0       0       0       0       0       0       0
      Totals:         0      38       0       0       0       0       0       0       0
Total ram usage:       38 bytes
 Hardware stack levels used:    1
 Hardware stack levels required when called:    5
 This function calls:
		_char_2_int
		_delay_ms
		_getkey
		_lcd_write_cmd
		_lcd_write_data
 This function is called by:
		_main
 This function uses a non-reentrant model


 *************** function _lcd_write_data *****************
 Defined at:
		line 43 in file "lcd_utilities.c"
 Parameters:    Size  Location     Type
  data            1    wreg     unsigned char 
 Auto vars:     Size  Location     Type
  data            1   30[COMRAM] unsigned char 
  temp1           1   31[COMRAM] unsigned char 
 Return value:  Size  Location     Type
		None               void
 Registers used:
		wreg, status,2, status,0, cstack
 Tracked objects:
		On entry : 
		On exit  : 
		Unchanged: 
 Data sizes:     COMRAM   BANK0   BANK1   BANK2   BANK3   BANK4   BANK5   BANK6   BANK7
      Params:         0       0       0       0       0       0       0       0       0
      Locals:         2       0       0       0       0       0       0       0       0
      Temps:          1       0       0       0       0       0       0       0       0
      Totals:         3       0       0       0       0       0       0       0       0
Total ram usage:        3 bytes
 Hardware stack levels used:    1
 Hardware stack levels required when called:    4
 This function calls:
		_lcd_strobe
 This function is called by:
		_SetupTime
		_SetupAlarmTime
		_displayAlarmOn
		_displayAlarmOff
 This function uses a non-reentrant model


 *************** function _lcd_write_cmd *****************
 Defined at:
		line 18 in file "lcd_utilities.c"
 Parameters:    Size  Location     Type
  cmd             1    wreg     unsigned char 
 Auto vars:     Size  Location     Type
  cmd             1   30[COMRAM] unsigned char 
  temp2           1   31[COMRAM] unsigned char 
 Return value:  Size  Location     Type
		None               void
 Registers used:
		wreg, status,2, status,0, cstack
 Tracked objects:
		On entry : 
		On exit  : 
		Unchanged: 
 Data sizes:     COMRAM   BANK0   BANK1   BANK2   BANK3   BANK4   BANK5   BANK6   BANK7
      Params:         0       0       0       0       0       0       0       0       0
      Locals:         2       0       0       0       0       0       0       0       0
      Temps:          1       0       0       0       0       0       0       0       0
      Totals:         3       0       0       0       0       0       0       0       0
Total ram usage:        3 bytes
 Hardware stack levels used:    1
 Hardware stack levels required when called:    4
 This function calls:
		_lcd_strobe
 This function is called by:
		_lcd_init
		_SetupTime
		_SetupAlarmTime
		_displayAlarmOn
		_displayAlarmOff
 This function uses a non-reentrant model


 *************** function _lcd_strobe *****************
 Defined at:
		line 73 in file "lcd_utilities.c"
 Parameters:    Size  Location     Type
		None
 Auto vars:     Size  Location     Type
		None
 Return value:  Size  Location     Type
		None               void
 Registers used:
		wreg
 Tracked objects:
		On entry : 
		On exit  : 
		Unchanged: 
 Data sizes:     COMRAM   BANK0   BANK1   BANK2   BANK3   BANK4   BANK5   BANK6   BANK7
      Params:         0       0       0       0       0       0       0       0       0
      Locals:         0       0       0       0       0       0       0       0       0
      Temps:          1       0       0       0       0       0       0       0       0
      Totals:         1       0       0       0       0       0       0       0       0
Total ram usage:        1 bytes
 Hardware stack levels used:    1
 Hardware stack levels required when called:    3
 This function calls:
		Nothing
 This function is called by:
		_lcd_write_cmd
		_lcd_write_data
 This function uses a non-reentrant model


 *************** function _getkey *****************
 Defined at:
		line 17 in file "keypad_utilities.c"
 Parameters:    Size  Location     Type
		None
 Auto vars:     Size  Location     Type
  lookup         18    0[BANK0 ] const unsigned char [18]
  keycode         1   18[BANK0 ] unsigned char 
 Return value:  Size  Location     Type
                  1    wreg      unsigned char 
 Registers used:
		wreg, fsr2l, fsr2h, status,2, status,0, tblptrl, tblptrh, tblptru, prodl, prodh
 Tracked objects:
		On entry : 
		On exit  : 
		Unchanged: 
 Data sizes:     COMRAM   BANK0   BANK1   BANK2   BANK3   BANK4   BANK5   BANK6   BANK7
      Params:         0       0       0       0       0       0       0       0       0
      Locals:         0      19       0       0       0       0       0       0       0
      Temps:          0       0       0       0       0       0       0       0       0
      Totals:         0      19       0       0       0       0       0       0       0
Total ram usage:       19 bytes
 Hardware stack levels used:    1
 Hardware stack levels required when called:    3
 This function calls:
		Nothing
 This function is called by:
		_SetupTime
		_SetupAlarmTime
 This function uses a non-reentrant model


 *************** function _delay_ms *****************
 Defined at:
		line 10 in file "delays_utilities.c"
 Parameters:    Size  Location     Type
  i               2   28[COMRAM] unsigned int 
 Auto vars:     Size  Location     Type
  j               2   31[COMRAM] unsigned int 
 Return value:  Size  Location     Type
		None               void
 Registers used:
		wreg, status,2, status,0
 Tracked objects:
		On entry : 
		On exit  : 
		Unchanged: 
 Data sizes:     COMRAM   BANK0   BANK1   BANK2   BANK3   BANK4   BANK5   BANK6   BANK7
      Params:         2       0       0       0       0       0       0       0       0
      Locals:         2       0       0       0       0       0       0       0       0
      Temps:          1       0       0       0       0       0       0       0       0
      Totals:         5       0       0       0       0       0       0       0       0
Total ram usage:        5 bytes
 Hardware stack levels used:    1
 Hardware stack levels required when called:    3
 This function calls:
		Nothing
 This function is called by:
		_SetupTime
		_SetupAlarmTime
		_turnServoMotor
		_activateBuzzer
 This function uses a non-reentrant model


 *************** function _char_2_int *****************
 Defined at:
		line 31 in file "RealTimeClockAns.c"
 Parameters:    Size  Location     Type
  char1           1    wreg     unsigned char 
 Auto vars:     Size  Location     Type
  char1           1   28[COMRAM] unsigned char 
  int1            1   29[COMRAM] unsigned char 
 Return value:  Size  Location     Type
                  1    wreg      unsigned char 
 Registers used:
		wreg, status,2, status,0
 Tracked objects:
		On entry : 
		On exit  : 
		Unchanged: 
 Data sizes:     COMRAM   BANK0   BANK1   BANK2   BANK3   BANK4   BANK5   BANK6   BANK7
      Params:         0       0       0       0       0       0       0       0       0
      Locals:         2       0       0       0       0       0       0       0       0
      Temps:          0       0       0       0       0       0       0       0       0
      Totals:         2       0       0       0       0       0       0       0       0
Total ram usage:        2 bytes
 Hardware stack levels used:    1
 Hardware stack levels required when called:    3
 This function calls:
		Nothing
 This function is called by:
		_SetupTime
		_SetupAlarmTime
 This function uses a non-reentrant model


 *************** function _ISR_Timer0_Int *****************
 Defined at:
		line 51 in file "RealTimeClockAns.c"
 Parameters:    Size  Location     Type
		None
 Auto vars:     Size  Location     Type
  second10        1   27[COMRAM] unsigned char 
  minute10        1   26[COMRAM] unsigned char 
  hour10          1   25[COMRAM] unsigned char 
  second1         1   24[COMRAM] unsigned char 
  minute1         1   23[COMRAM] unsigned char 
  hour1           1   22[COMRAM] unsigned char 
 Return value:  Size  Location     Type
		None               void
 Registers used:
		wreg, status,2, status,0, prodl, prodh, cstack
 Tracked objects:
		On entry : 
		On exit  : 
		Unchanged: 
 Data sizes:     COMRAM   BANK0   BANK1   BANK2   BANK3   BANK4   BANK5   BANK6   BANK7
      Params:         0       0       0       0       0       0       0       0       0
      Locals:         6       0       0       0       0       0       0       0       0
      Temps:         14       0       0       0       0       0       0       0       0
      Totals:        20       0       0       0       0       0       0       0       0
Total ram usage:       20 bytes
 Hardware stack levels used:    1
 Hardware stack levels required when called:    2
 This function calls:
		___awdiv
		_int_2_char
		i2_lcd_write_cmd
		i2_lcd_write_data
 This function is called by:
		Interrupt level 2
 This function uses a non-reentrant model


 *************** function i2_lcd_write_data *****************
 Defined at:
		line 43 in file "lcd_utilities.c"
 Parameters:    Size  Location     Type
  data            1    wreg     unsigned char 
 Auto vars:     Size  Location     Type
  data            1    2[COMRAM] unsigned char 
  lcd_write_da    1    3[COMRAM] unsigned char 
 Return value:  Size  Location     Type
		None               void
 Registers used:
		wreg, status,2, status,0, cstack
 Tracked objects:
		On entry : 
		On exit  : 
		Unchanged: 
 Data sizes:     COMRAM   BANK0   BANK1   BANK2   BANK3   BANK4   BANK5   BANK6   BANK7
      Params:         0       0       0       0       0       0       0       0       0
      Locals:         2       0       0       0       0       0       0       0       0
      Temps:          1       0       0       0       0       0       0       0       0
      Totals:         3       0       0       0       0       0       0       0       0
Total ram usage:        3 bytes
 Hardware stack levels used:    1
 Hardware stack levels required when called:    1
 This function calls:
		i2_lcd_strobe
 This function is called by:
		_ISR_Timer0_Int
 This function uses a non-reentrant model


 *************** function i2_lcd_write_cmd *****************
 Defined at:
		line 18 in file "lcd_utilities.c"
 Parameters:    Size  Location     Type
  cmd             1    wreg     unsigned char 
 Auto vars:     Size  Location     Type
  cmd             1    2[COMRAM] unsigned char 
  lcd_write_cm    1    3[COMRAM] unsigned char 
 Return value:  Size  Location     Type
		None               void
 Registers used:
		wreg, status,2, status,0, cstack
 Tracked objects:
		On entry : 
		On exit  : 
		Unchanged: 
 Data sizes:     COMRAM   BANK0   BANK1   BANK2   BANK3   BANK4   BANK5   BANK6   BANK7
      Params:         0       0       0       0       0       0       0       0       0
      Locals:         2       0       0       0       0       0       0       0       0
      Temps:          1       0       0       0       0       0       0       0       0
      Totals:         3       0       0       0       0       0       0       0       0
Total ram usage:        3 bytes
 Hardware stack levels used:    1
 Hardware stack levels required when called:    1
 This function calls:
		i2_lcd_strobe
 This function is called by:
		_ISR_Timer0_Int
 This function uses a non-reentrant model


 *************** function i2_lcd_strobe *****************
 Defined at:
		line 73 in file "lcd_utilities.c"
 Parameters:    Size  Location     Type
		None
 Auto vars:     Size  Location     Type
		None
 Return value:  Size  Location     Type
		None               void
 Registers used:
		wreg
 Tracked objects:
		On entry : 
		On exit  : 
		Unchanged: 
 Data sizes:     COMRAM   BANK0   BANK1   BANK2   BANK3   BANK4   BANK5   BANK6   BANK7
      Params:         0       0       0       0       0       0       0       0       0
      Locals:         0       0       0       0       0       0       0       0       0
      Temps:          1       0       0       0       0       0       0       0       0
      Totals:         1       0       0       0       0       0       0       0       0
Total ram usage:        1 bytes
 Hardware stack levels used:    1
 This function calls:
		Nothing
 This function is called by:
		i2_lcd_write_cmd
		i2_lcd_write_data
 This function uses a non-reentrant model


 *************** function _int_2_char *****************
 Defined at:
		line 11 in file "RealTimeClockAns.c"
 Parameters:    Size  Location     Type
  int1            1    wreg     unsigned char 
 Auto vars:     Size  Location     Type
  int1            1    0[COMRAM] unsigned char 
  char1           1    1[COMRAM] unsigned char 
 Return value:  Size  Location     Type
                  1    wreg      unsigned char 
 Registers used:
		wreg, status,2, status,0
 Tracked objects:
		On entry : 
		On exit  : 
		Unchanged: 
 Data sizes:     COMRAM   BANK0   BANK1   BANK2   BANK3   BANK4   BANK5   BANK6   BANK7
      Params:         0       0       0       0       0       0       0       0       0
      Locals:         2       0       0       0       0       0       0       0       0
      Temps:          0       0       0       0       0       0       0       0       0
      Totals:         2       0       0       0       0       0       0       0       0
Total ram usage:        2 bytes
 Hardware stack levels used:    1
 This function calls:
		Nothing
 This function is called by:
		_ISR_Timer0_Int
 This function uses a non-reentrant model


 *************** function ___awdiv *****************
 Defined at:
		line 8 in file "C:\Program Files (x86)\Microchip\xc8\v1.35\sources\common\awdiv.c"
 Parameters:    Size  Location     Type
  dividend        2    0[COMRAM] int 
  divisor         2    2[COMRAM] int 
 Auto vars:     Size  Location     Type
  quotient        2    6[COMRAM] int 
  sign            1    5[COMRAM] unsigned char 
  counter         1    4[COMRAM] unsigned char 
 Return value:  Size  Location     Type
                  2    0[COMRAM] int 
 Registers used:
		wreg, status,2, status,0
 Tracked objects:
		On entry : 
		On exit  : 
		Unchanged: 
 Data sizes:     COMRAM   BANK0   BANK1   BANK2   BANK3   BANK4   BANK5   BANK6   BANK7
      Params:         4       0       0       0       0       0       0       0       0
      Locals:         4       0       0       0       0       0       0       0       0
      Temps:          0       0       0       0       0       0       0       0       0
      Totals:         8       0       0       0       0       0       0       0       0
Total ram usage:        8 bytes
 Hardware stack levels used:    1
 This function calls:
		Nothing
 This function is called by:
		_ISR_Timer0_Int
 This function uses a non-reentrant model



MODULE INFORMATION

Module		Function		Class		Link	Load	Size
C:\Program Files (x86)\Microchip\xc8\v1.35\sources\common\awdiv.c
		___awdiv       		CODE           	15C0	0000	133

C:\Program Files (x86)\Microchip\xc8\v1.35\sources\common\awdiv.c estimated size: 133

lcd_utilities.c
		_lcd_write_data		CODE           	1498	0000	149
		_lcd_write_cmd 		CODE           	179E	0000	113
		_lcd_strobe    		CODE           	1AA2	0000	35
		_lcd_init      		CODE           	16BA	0000	115

lcd_utilities.c estimated size: 412

keypad_utilities.c
		_getkey        		CODE           	1A30	0000	63

keypad_utilities.c estimated size: 63

shared
		i2_lcd_write_cmd		CODE           	180E	0000	113
		__initialization		CODE           	18E6	0000	75
		i2_lcd_write_data		CODE           	152C	0000	149
		i2_lcd_strobe  		CODE           	1AC4	0000	35
		getkey@F4444   		SMALLCONST     	101B	0000	19

shared estimated size: 391

delays_utilities.c
		_delay_ms      		CODE           	1A6E	0000	53

delays_utilities.c estimated size: 53

RealTimeClockAns.c
		_activateBuzzer		CODE           	1B02	0000	21
		_int_2_char    		CODE           	1644	0000	119
		_ISR_Timer0_Int		CODE           	1008	0000	403
		_char_2_int    		CODE           	172C	0000	115
		_main          		CODE           	187E	0000	105
		_SetupAlarmTime		CODE           	12EC	0000	245
		_displayAlarmOn		CODE           	1994	0000	79
		_SetupTime     		CODE           	11B2	0000	315
		_SetupTimerInterruptRegisters		CODE           	1AE6	0000	29
		_displayAlarmOff		CODE           	19E2	0000	79
		_turnServoMotor		CODE           	13E0	0000	185

RealTimeClockAns.c estimated size: 1695

